{
  "friction_observation": {
    "identifiability": "lower bound only; no saturation event was recorded",
    "max_observed_abs_ay_mps2": 4.276477615836792,
    "minimum_observed_mu": 0.4360793559305973
  },
  "generated_at": "2026-08-20T16:51:06",
  "inherited_dynamic_parameters": {
    "dead_time_s": 0.105,
    "source": "previous moving-PRBS identification; not observable in these fixed-command bags",
    "time_constant_s": 0.062671845
  },
  "method": "paired_constant_circle_steady_state",
  "paired_sideslip": {
    "common_bias_mad_rad": 0.0042306354142975094,
    "estimated_common_sideslip_bias_rad": -0.01641381946248623,
    "paired_values": [
      {
        "common_mode_beta_rad": -0.016796525822910788,
        "speed_command_mps": 1.0,
        "turn_antisymmetric_beta_rad": 0.05230236488149867
      },
      {
        "common_mode_beta_rad": -0.01990136975792827,
        "speed_command_mps": 1.5,
        "turn_antisymmetric_beta_rad": 0.041791703850553696
      },
      {
        "common_mode_beta_rad": -0.020075574726503936,
        "speed_command_mps": 2.0,
        "turn_antisymmetric_beta_rad": 0.02400328569255643
      },
      {
        "common_mode_beta_rad": -0.01603111310206167,
        "speed_command_mps": 2.5,
        "turn_antisymmetric_beta_rad": 0.00410781990298305
      },
      {
        "common_mode_beta_rad": -0.014194320770612057,
        "speed_command_mps": 3.0,
        "turn_antisymmetric_beta_rad": -0.017625347531386323
      },
      {
        "common_mode_beta_rad": -0.012850350268775741,
        "speed_command_mps": 3.5,
        "turn_antisymmetric_beta_rad": -0.03607955007126159
      }
    ],
    "warning": "vehicle_odom vy contains a clear common-mode bias; do not fit Cf/Cr directly from raw vy"
  },
  "reference_geometry": {
    "lf_m": 0.195,
    "lr_m": 0.125,
    "mass_kg": 3.8,
    "wheelbase_m": 0.32
  },
  "runs": [
    {
      "bag": "/home/tianbot/f1tenth_residual_controller_ws/lateral_identification/data/fixed_radius_r2p5/circle_r2p5_left_v1p0_20260820_161350.bag",
      "curvature_per_m": 0.33494127258887785,
      "direction": "left",
      "imu_yaw_rate_radps": 0.32739436136432093,
      "kinematic_delta_rad": 0.10677358730229483,
      "lateral_accel_mps2": 0.31935570831106497,
      "name": "circle_r2p5_left_v1p0_20260820_161350",
      "pointlio_age_median_s": 0.10708463191986084,
      "pointlio_age_p95_s": 0.13295780420303344,
      "radius_command_m": 2.5,
      "radius_from_twist_m": 2.98559809740786,
      "samples": 2256,
      "sideslip_proxy_rad": 0.03550583905858788,
      "speed_command_mps": 1.0,
      "speed_mps": 0.9755385151139644,
      "steady_duration_s": 22.549978494644165,
      "steering_command_rad": 0.12406951934099197,
      "vx_mad_mps": 0.025357483986983235,
      "vx_mps": 0.9743419599031589,
      "vy_mad_mps": 0.03117458026699718,
      "vy_mps": 0.03467032931602039,
      "yaw_rate_imu_odom_rmse_radps": 0.03602392580814409,
      "yaw_rate_mad_radps": 0.06447911537782511,
      "yaw_rate_radps": 0.3267628650357963
    },
    {
      "bag": "/home/tianbot/f1tenth_residual_controller_ws/lateral_identification/data/fixed_radius_r2p5/circle_r2p5_right_v1p0_20260820_161435.bag",
      "curvature_per_m": -0.3266043741330537,
      "direction": "right",
      "imu_yaw_rate_radps": -0.3278477418660671,
      "kinematic_delta_rad": -0.10413533933489487,
      "lateral_accel_mps2": -0.31849511970379424,
      "name": "circle_r2p5_right_v1p0_20260820_161435",
      "pointlio_age_median_s": 0.1065528392791748,
      "pointlio_age_p95_s": 0.13330745697021484,
      "radius_command_m": 2.5,
      "radius_from_twist_m": 3.0618083504068903,
      "samples": 2153,
      "sideslip_proxy_rad": -0.06909889070440946,
      "speed_command_mps": 1.0,
      "speed_mps": 0.9832381036444574,
      "steady_duration_s": 21.51997947692871,
      "steering_command_rad": -0.09791433811187744,
      "vx_mad_mps": 0.03010184329945511,
      "vx_mps": 0.9803614733344008,
      "vy_mad_mps": 0.02921805155634004,
      "vy_mps": -0.06830459030244837,
      "yaw_rate_imu_odom_rmse_radps": 0.037136481734909806,
      "yaw_rate_mad_radps": 0.06824824188948925,
      "yaw_rate_radps": -0.32275307037261664
    },
    {
      "bag": "/home/tianbot/f1tenth_residual_controller_ws/lateral_identification/data/fixed_radius_r2p5/circle_r2p5_left_v1p5_20260820_161827.bag",
      "curvature_per_m": 0.34308459349727105,
      "direction": "left",
      "imu_yaw_rate_radps": 0.502945211162914,
      "kinematic_delta_rad": 0.10934913747812794,
      "lateral_accel_mps2": 0.7342713158778048,
      "name": "circle_r2p5_left_v1p5_20260820_161827",
      "pointlio_age_median_s": 0.10201644897460938,
      "pointlio_age_p95_s": 0.127820885181427,
      "radius_command_m": 2.5,
      "radius_from_twist_m": 2.914733041167766,
      "samples": 2260,
      "sideslip_proxy_rad": 0.021890334092625422,
      "speed_command_mps": 1.5,
      "speed_mps": 1.461796267335103,
      "steady_duration_s": 22.589978456497192,
      "steering_command_rad": 0.12406951934099197,
      "vx_mad_mps": 0.03329953333940318,
      "vx_mps": 1.4606245530032222,
      "vy_mad_mps": 0.03674526859151849,
      "vy_mps": 0.03203827303588322,
      "yaw_rate_imu_odom_rmse_radps": 0.040862019167702573,
      "yaw_rate_mad_radps": 0.08041063612719505,
      "yaw_rate_radps": 0.5020995125126455
    },
    {
      "bag": "/home/tianbot/f1tenth_residual_controller_ws/lateral_identification/data/fixed_radius_r2p5/circle_r2p5_right_v1p5_20260820_161631.bag",
      "curvature_per_m": -0.3405228804587409,
      "direction": "right",
      "imu_yaw_rate_radps": -0.5031510765043625,
      "kinematic_delta_rad": -0.10853908035974323,
      "lateral_accel_mps2": -0.7456207981800084,
      "name": "circle_r2p5_right_v1p5_20260820_161631",
      "pointlio_age_median_s": 0.10510778427124023,
      "pointlio_age_p95_s": 0.13149118423461914,
      "radius_command_m": 2.5,
      "radius_from_twist_m": 2.9366602375159974,
      "samples": 2268,
      "sideslip_proxy_rad": -0.06169307360848197,
      "speed_command_mps": 1.5,
      "speed_mps": 1.480423210592201,
      "steady_duration_s": 22.669978380203247,
      "steering_command_rad": -0.09791433811187744,
      "vx_mad_mps": 0.03097219519375082,
      "vx_mps": 1.477038883686158,
      "vy_mad_mps": 0.03297306780497785,
      "vy_mps": -0.09122213267066308,
      "yaw_rate_imu_odom_rmse_radps": 0.041366620049280926,
      "yaw_rate_mad_radps": 0.08091557365525241,
      "yaw_rate_radps": -0.5031123841222724
    },
    {
      "bag": "/home/tianbot/f1tenth_residual_controller_ws/lateral_identification/data/fixed_radius_r2p5/circle_r2p5_left_v2p0_20260820_161911.bag",
      "curvature_per_m": 0.3625340434263413,
      "direction": "left",
      "imu_yaw_rate_radps": 0.7034524129164789,
      "kinematic_delta_rad": 0.11549461130108986,
      "lateral_accel_mps2": 1.3764639178108724,
      "name": "circle_r2p5_left_v2p0_20260820_161911",
      "pointlio_age_median_s": 0.10274338722229004,
      "pointlio_age_p95_s": 0.12931008338928224,
      "radius_command_m": 2.5,
      "radius_from_twist_m": 2.758361643913249,
      "samples": 2261,
      "sideslip_proxy_rad": 0.003927710966052497,
      "speed_command_mps": 2.0,
      "speed_mps": 1.9529199497314795,
      "steady_duration_s": 22.59997844696045,
      "steering_command_rad": 0.12406951934099197,
      "vx_mad_mps": 0.033343908107664175,
      "vx_mps": 1.9525243993556567,
      "vy_mad_mps": 0.038365694755092036,
      "vy_mps": 0.007618819780525702,
      "yaw_rate_imu_odom_rmse_radps": 0.049191047990104105,
      "yaw_rate_mad_radps": 0.09210119816372518,
      "yaw_rate_radps": 0.7074545687769735
    },
    {
      "bag": "/home/tianbot/f1tenth_residual_controller_ws/lateral_identification/data/fixed_radius_r2p5/circle_r2p5_right_v2p0_20260820_161718.bag",
      "curvature_per_m": -0.37979183464947863,
      "direction": "right",
      "imu_yaw_rate_radps": -0.7556065301747062,
      "kinematic_delta_rad": -0.12094027048126724,
      "lateral_accel_mps2": -1.491437709821147,
      "name": "circle_r2p5_right_v2p0_20260820_161718",
      "pointlio_age_median_s": 0.10640811920166016,
      "pointlio_age_p95_s": 0.13347837924957276,
      "radius_command_m": 2.5,
      "radius_from_twist_m": 2.633021325817852,
      "samples": 2260,
      "sideslip_proxy_rad": -0.04407886041906037,
      "speed_command_mps": 2.0,
      "speed_mps": 1.9821430575373968,
      "steady_duration_s": 22.589978456497192,
      "steering_command_rad": -0.09791433811187744,
      "vx_mad_mps": 0.03452959745185311,
      "vx_mps": 1.979775186320505,
      "vy_mad_mps": 0.03626543183665416,
      "vy_mps": -0.08709578285703731,
      "yaw_rate_imu_odom_rmse_radps": 0.0484399784442674,
      "yaw_rate_mad_radps": 0.08142643435496894,
      "yaw_rate_radps": -0.7528940892833569
    },
    {
      "bag": "/home/tianbot/f1tenth_residual_controller_ws/lateral_identification/data/fixed_radius_r2p5/circle_r2p5_left_v2p5_20260820_161955.bag",
      "curvature_per_m": 0.35518283065410833,
      "direction": "left",
      "imu_yaw_rate_radps": 0.8637113232449442,
      "kinematic_delta_rad": 0.11317284142747636,
      "lateral_accel_mps2": 2.120662565845977,
      "name": "circle_r2p5_left_v2p5_20260820_161955",
      "pointlio_age_median_s": 0.10268092155456543,
      "pointlio_age_p95_s": 0.12795734405517578,
      "radius_command_m": 2.5,
      "radius_from_twist_m": 2.8154514061346654,
      "samples": 2265,
      "sideslip_proxy_rad": -0.01192329319907862,
      "speed_command_mps": 2.5,
      "speed_mps": 2.442349240340012,
      "steady_duration_s": 22.639978408813477,
      "steering_command_rad": 0.12406951934099197,
      "vx_mad_mps": 0.032668561414990305,
      "vx_mps": 2.441876223266875,
      "vy_mad_mps": 0.03769383233952398,
      "vy_mps": -0.028969326029283843,
      "yaw_rate_imu_odom_rmse_radps": 0.04849589767587626,
      "yaw_rate_mad_radps": 0.07686057117396977,
      "yaw_rate_radps": 0.8681420986149877
    },
    {
      "bag": "/home/tianbot/f1tenth_residual_controller_ws/lateral_identification/data/fixed_radius_r2p5/circle_r2p5_right_v2p5_20260820_162112.bag",
      "curvature_per_m": -0.36850359313060055,
      "direction": "right",
      "imu_yaw_rate_radps": -0.9161012955125218,
      "kinematic_delta_rad": -0.11737908508256682,
      "lateral_accel_mps2": -2.273236824377754,
      "name": "circle_r2p5_right_v2p5_20260820_162112",
      "pointlio_age_median_s": 0.10528230667114258,
      "pointlio_age_p95_s": 0.1332015514373779,
      "radius_command_m": 2.5,
      "radius_from_twist_m": 2.7136777480851064,
      "samples": 2264,
      "sideslip_proxy_rad": -0.02013893300504472,
      "speed_command_mps": 2.5,
      "speed_mps": 2.4809320973474454,
      "steady_duration_s": 22.62997841835022,
      "steering_command_rad": -0.09791433811187744,
      "vx_mad_mps": 0.03173700433254368,
      "vx_mps": 2.4799065564525375,
      "vy_mad_mps": 0.03850988454976482,
      "vy_mps": -0.05018663244598635,
      "yaw_rate_imu_odom_rmse_radps": 0.048598345161687095,
      "yaw_rate_mad_radps": 0.08333440922887,
      "yaw_rate_radps": -0.9166070875668366
    },
    {
      "bag": "/home/tianbot/f1tenth_residual_controller_ws/lateral_identification/data/fixed_radius_r2p5/circle_r2p5_left_v3p0_20260820_162629.bag",
      "curvature_per_m": 0.3759183546828339,
      "direction": "left",
      "imu_yaw_rate_radps": 1.1088235024823907,
      "kinematic_delta_rad": 0.11971861773202144,
      "lateral_accel_mps2": 3.230041461470013,
      "name": "circle_r2p5_left_v3p0_20260820_162629",
      "pointlio_age_median_s": 0.10248136520385742,
      "pointlio_age_p95_s": 0.1295340061187744,
      "radius_command_m": 2.5,
      "radius_from_twist_m": 2.6601520983025955,
      "samples": 1587,
      "sideslip_proxy_rad": -0.03181966830199838,
      "speed_command_mps": 3.0,
      "speed_mps": 2.934771569735632,
      "steady_duration_s": 15.859984874725342,
      "steering_command_rad": 0.12406951934099197,
      "vx_mad_mps": 0.052198380382191135,
      "vx_mps": 2.9327397071679284,
      "vy_mad_mps": 0.05386625756795821,
      "vy_mps": -0.09290965779583746,
      "yaw_rate_imu_odom_rmse_radps": 0.05492111810687044,
      "yaw_rate_mad_radps": 0.06504978256053386,
      "yaw_rate_radps": 1.1022452734675623
    },
    {
      "bag": "/home/tianbot/f1tenth_residual_controller_ws/lateral_identification/data/fixed_radius_r2p5/circle_r2p5_right_v3p0_20260820_162540.bag",
      "curvature_per_m": -0.35059972333788236,
      "direction": "right",
      "imu_yaw_rate_radps": -1.0445456840780023,
      "kinematic_delta_rad": -0.11172471400245237,
      "lateral_accel_mps2": -3.103212419195824,
      "name": "circle_r2p5_right_v3p0_20260820_162540",
      "pointlio_age_median_s": 0.10313105583190918,
      "pointlio_age_p95_s": 0.12937278747558592,
      "radius_command_m": 2.5,
      "radius_from_twist_m": 2.8522555309102664,
      "samples": 2256,
      "sideslip_proxy_rad": 0.003431026760774265,
      "speed_command_mps": 3.0,
      "speed_mps": 2.970971884664797,
      "steady_duration_s": 22.549978494644165,
      "steering_command_rad": -0.09791433811187744,
      "vx_mad_mps": 0.03892077719422597,
      "vx_mps": 2.9707128179698272,
      "vy_mad_mps": 0.048680996934548734,
      "vy_mps": 0.010063699655086172,
      "yaw_rate_imu_odom_rmse_radps": 0.04898291297627422,
      "yaw_rate_mad_radps": 0.08161599594916429,
      "yaw_rate_radps": -1.0430080023131123
    },
    {
      "bag": "/home/tianbot/f1tenth_residual_controller_ws/lateral_identification/data/fixed_radius_r2p5/circle_r2p5_left_v3p5_20260820_162714.bag",
      "curvature_per_m": 0.3429015191419701,
      "direction": "left",
      "imu_yaw_rate_radps": 1.1886906354023705,
      "kinematic_delta_rad": 0.10929125102982509,
      "lateral_accel_mps2": 4.083809502733136,
      "name": "circle_r2p5_left_v3p5_20260820_162714",
      "pointlio_age_median_s": 0.1031184196472168,
      "pointlio_age_p95_s": 0.1291212797164917,
      "radius_command_m": 2.5,
      "radius_from_twist_m": 2.916289209161259,
      "samples": 1330,
      "sideslip_proxy_rad": -0.04892990034003733,
      "speed_command_mps": 3.5,
      "speed_mps": 3.438674009447473,
      "steady_duration_s": 13.959986686706543,
      "steering_command_rad": 0.12406951934099197,
      "vx_mad_mps": 0.09181839813845265,
      "vx_mps": 3.434623111341377,
      "vy_mad_mps": 0.06082425781325481,
      "vy_mps": -0.16802010884676238,
      "yaw_rate_imu_odom_rmse_radps": 0.06379672529285217,
      "yaw_rate_mad_radps": 0.07568668346168227,
      "yaw_rate_radps": 1.1854569393527092
    },
    {
      "bag": "/home/tianbot/f1tenth_residual_controller_ws/lateral_identification/data/fixed_radius_r2p5/circle_r2p5_right_v3p5_20260820_162844.bag",
      "curvature_per_m": -0.35593325546098736,
      "direction": "right",
      "imu_yaw_rate_radps": -1.2311129637476634,
      "kinematic_delta_rad": -0.11340990839890606,
      "lateral_accel_mps2": -4.276477615836792,
      "name": "circle_r2p5_right_v3p5_20260820_162844",
      "pointlio_age_median_s": 0.10187625885009766,
      "pointlio_age_p95_s": 0.12817158699035644,
      "radius_command_m": 2.5,
      "radius_from_twist_m": 2.809515505249054,
      "samples": 1898,
      "sideslip_proxy_rad": 0.023229199802485848,
      "speed_command_mps": 3.5,
      "speed_mps": 3.468709016775364,
      "steady_duration_s": 18.969981908798218,
      "steering_command_rad": -0.09791433811187744,
      "vx_mad_mps": 0.0511998473028041,
      "vx_mps": 3.467397130732706,
      "vy_mad_mps": 0.05339607256906728,
      "vy_mps": 0.08074894209109319,
      "yaw_rate_imu_odom_rmse_radps": 0.05431878664179452,
      "yaw_rate_mad_radps": 0.06175009629263409,
      "yaw_rate_radps": -1.2336794663147104
    }
  ],
  "static_steering_map": {
    "bias_rad": -0.011768647368732484,
    "bootstrap_successful": 1740,
    "gain": 0.9658295639044409,
    "identifiability": "static effective map only; tau and dead time are not observable",
    "interval_95": {
      "bias_rad": {
        "lower_2p5": -0.013567321678114008,
        "median": -0.011768647368732479,
        "upper_97p5": -0.009969973059350962
      },
      "gain": {
        "lower_2p5": 0.950109296492286,
        "median": 0.9658295639044407,
        "upper_97p5": 0.9815498313165956
      }
    },
    "max_abs_error_rad": 0.002201870512424181,
    "method": "robust low-speed kinematic equivalent-angle fit",
    "rmse_rad": 0.0018036904433052826,
    "selected_bags": [
      "circle_r2p5_left_v1p0_20260820_161350",
      "circle_r2p5_right_v1p0_20260820_161435",
      "circle_r2p5_left_v1p5_20260820_161827",
      "circle_r2p5_right_v1p5_20260820_161631"
    ]
  },
  "status": "identified_candidate_not_deployed",
  "steady_state_lateral_model": {
    "effective_delta_fit_rmse_rad": 0.0048752187683415125,
    "effective_delta_max_abs_error_rad": 0.011270975614932885,
    "identifiability": "K_us supplies one constraint on Cf and Cr; independent Cf/Cr require transient lateral excitation or a trusted sideslip measurement",
    "interval_95": {
      "lower_2p5": -0.003992274107867591,
      "median": -0.002251846547510562,
      "upper_97p5": -0.0010128776885655138
    },
    "method": "delta = atan(L*kappa) + K_us*a_y, robust zero-intercept fit",
    "prior_regularized_candidate": {
      "Cf_N_per_rad": 73.83764895895648,
      "Cr_N_per_rad": 103.66596571039828,
      "method": "closest log-space pair to prior subject to measured K_us",
      "prior_Cf_N_per_rad": 70.0,
      "prior_Cr_N_per_rad": 110.0,
      "warning": "regularized candidate, not two independently observed stiffnesses"
    },
    "reference_pair": {
      "Cf_N_per_rad": 70.0,
      "Cr_N_per_rad": 110.0,
      "implied_understeer_gradient_rad_per_mps2": 0.00015422077922077742
    },
    "stiffness_family_examples": {
      "Cf_if_Cr_fixed_at_110": 78.88481257385988,
      "Cr_if_Cf_fixed_at_70": 98.79156946743211
    },
    "understeer_gradient_rad_per_mps2": -0.00223414293273762
  },
  "warnings": [
    "The collector used an older inverse steering map, so the achieved radius is not exactly 2.5 m.",
    "No moving steering transitions: do not refit actuator tau or dead time from this dataset.",
    "Raw odom vy has common-mode bias: direct per-bag Cf/Cr fits are rejected.",
    "A fixed-circle dataset alone is insufficient to validate a residual model during fast steering transients."
  ]
}
[REPORT] /home/tianbot/f1tenth_residual_controller_ws/lateral_identification/data/fixed_radius_r2p5/identified_20260820/fixed_circle_report.json
